
Memory Configuration

Name             Origin             Length             Attributes
FLASH            0x0000000000000000 0x0000000000010000 xr
m_data_bss       0x0000000002000000 0x0000000000002000 rw
m_heap_stack     0x0000000020002000 0x0000000000003000 rw
*default*        0x0000000000000000 0xffffffffffffffff

Linker script and memory map

                0x0000000020005000                initial_sp = 0x20005000

.text           0x0000000000000000       0x2a
                0x0000000000000000                . = ALIGN (0x4)
                0x0000000000000000                __vector_table_start__ = .
 *(.vector_table)
 .vector_table  0x0000000000000000        0x8 build/crt0.os
                0x0000000000000000                vector
                0x0000000000000008                __vector_table_end__ = .
                0x0000000000000008                __text_start__ = .
 *(.text)
 .text          0x0000000000000008       0x1c build/crt0.os
                0x0000000000000008                reset_handler
 .text          0x0000000000000024        0x6 build/Main.o
                0x0000000000000024                main
 *(.text*)
                0x000000000000002a                __text_end__ = .

.glue_7         0x000000000000002c        0x0
 .glue_7        0x000000000000002c        0x0 linker stubs

.glue_7t        0x000000000000002c        0x0
 .glue_7t       0x000000000000002c        0x0 linker stubs

.vfp11_veneer   0x000000000000002c        0x0
 .vfp11_veneer  0x000000000000002c        0x0 linker stubs

.v4_bx          0x000000000000002c        0x0
 .v4_bx         0x000000000000002c        0x0 linker stubs

.iplt           0x000000000000002c        0x0
 .iplt          0x000000000000002c        0x0 build/crt0.os

.rel.dyn        0x000000000000002c        0x0
 .rel.iplt      0x000000000000002c        0x0 build/crt0.os

.rodata         0x000000000000002a        0x2
                0x000000000000002c                . = ALIGN (0x4)
 *fill*         0x000000000000002a        0x2 
                0x000000000000002c                __rodata_start__ = .
 *(.rodata)
 *(.rodata*)
                0x000000000000002c                __rodata_end__ = .

.data           0x0000000002000000        0x0
                0x0000000002000000                . = ALIGN (0x4)
                0x0000000002000000                __data_start__ = .
 *(.data)
 .data          0x0000000002000000        0x0 build/crt0.os
 .data          0x0000000002000000        0x0 build/Main.o
 *(.data*)
                0x0000000002000000                __data_end__ = .

.igot.plt       0x0000000002000000        0x0
 .igot.plt      0x0000000002000000        0x0 build/crt0.os

.bss            0x0000000002000000        0x0
                0x0000000002000000                . = ALIGN (0x4)
                0x0000000002000000                __bss_start__ = .
 *(.bss)
 .bss           0x0000000002000000        0x0 build/crt0.os
 .bss           0x0000000002000000        0x0 build/Main.o
 *(.bss*)
                0x0000000002000000                __bss_end__ = .
                0x0000000000001200                HEAP_SIZE = 0x1200

.heap           0x0000000020002000     0x1200
                0x0000000020002000                . = ALIGN (0x8)
                0x0000000020002000                __heap_start__ = .
                0x0000000020003200                . = (. + HEAP_SIZE)
 *fill*         0x0000000020002000     0x1200 
                0x0000000020003200                __heap_end__ = .
                0x0000000000001800                STACK_SIZE = 0x1800

.stack          0x0000000020003200     0x1800
                0x0000000020003200                . = ALIGN (0x8)
                0x0000000020003200                __stack_start__ = .
                0x0000000020004a00                . = (. + STACK_SIZE)
 *fill*         0x0000000020003200     0x1800 
                0x0000000020004a00                __stack_end__ = .
LOAD build/crt0.os
LOAD build/Main.o
OUTPUT(build/rt.axf elf32-littlearm)
LOAD linker stubs

.ARM.attributes
                0x0000000000000000       0x29
 .ARM.attributes
                0x0000000000000000       0x1b build/crt0.os
 .ARM.attributes
                0x000000000000001b       0x2d build/Main.o

.comment        0x0000000000000000       0x59
 .comment       0x0000000000000000       0x59 build/Main.o
                                         0x5a (size before relaxing)

.debug_line     0x0000000000000000       0x88
 .debug_line    0x0000000000000000       0x46 build/crt0.os
 .debug_line    0x0000000000000046       0x42 build/Main.o

.debug_info     0x0000000000000000       0x96
 .debug_info    0x0000000000000000       0x26 build/crt0.os
 .debug_info    0x0000000000000026       0x70 build/Main.o

.debug_abbrev   0x0000000000000000       0x58
 .debug_abbrev  0x0000000000000000       0x14 build/crt0.os
 .debug_abbrev  0x0000000000000014       0x44 build/Main.o

.debug_aranges  0x0000000000000000       0x40
 .debug_aranges
                0x0000000000000000       0x20 build/crt0.os
 .debug_aranges
                0x0000000000000020       0x20 build/Main.o

.debug_str      0x0000000000000000      0x100
 .debug_str     0x0000000000000000       0x20 build/crt0.os
 .debug_str     0x0000000000000020       0xe0 build/Main.o
                                        0x101 (size before relaxing)

.debug_frame    0x0000000000000000       0x28
 .debug_frame   0x0000000000000000       0x28 build/Main.o
